App.tsx(73,28): error TS2741: Property 'onUnlock' is missing in type '{}' but required in type 'SplashScreenProps'.
App.tsx(75,26): error TS2741: Property 'onUnlock' is missing in type '{}' but required in type 'SplashScreenProps'.
components/Attendance.tsx(70,101): error TS2345: Argument of type '"change_date"' is not assignable to parameter of type '"active" | "completed" | "on_hold" | "small" | "medium" | "large" | "pending" | "defect" | "present" | "absent" | "sick" | "holiday" | "panels" | "construction" | "cables" | "workers" | ... 287 more ... | "next"'.
components/Attendance.tsx(88,129): error TS2345: Argument of type '"notes"' is not assignable to parameter of type '"active" | "completed" | "on_hold" | "small" | "medium" | "large" | "pending" | "defect" | "present" | "absent" | "sick" | "holiday" | "panels" | "construction" | "cables" | "workers" | ... 287 more ... | "next"'.
components/Attendance.tsx(117,64): error TS2345: Argument of type '"notes"' is not assignable to parameter of type '"active" | "completed" | "on_hold" | "small" | "medium" | "large" | "pending" | "defect" | "present" | "absent" | "sick" | "holiday" | "panels" | "construction" | "cables" | "workers" | ... 287 more ... | "next"'.
components/BackButton.tsx(22,25): error TS2345: Argument of type '"zp─Ťt"' is not assignable to parameter of type '"active" | "completed" | "on_hold" | "small" | "medium" | "large" | "pending" | "defect" | "present" | "absent" | "sick" | "holiday" | "panels" | "construction" | "cables" | "workers" | ... 287 more ... | "next"'.
components/BackupManager.tsx(40,34): error TS2345: Argument of type '"restore_confirm_message"' is not assignable to parameter of type '"active" | "completed" | "on_hold" | "small" | "medium" | "large" | "pending" | "defect" | "present" | "absent" | "sick" | "holiday" | "panels" | "construction" | "cables" | "workers" | ... 287 more ... | "next"'.
components/BackupManager.tsx(49,34): error TS2345: Argument of type '"restore_confirm_message"' is not assignable to parameter of type '"active" | "completed" | "on_hold" | "small" | "medium" | "large" | "pending" | "defect" | "present" | "absent" | "sick" | "holiday" | "panels" | "construction" | "cables" | "workers" | ... 287 more ... | "next"'.
components/BackupManager.tsx(65,112): error TS2345: Argument of type '"auto_backup"' is not assignable to parameter of type '"active" | "completed" | "on_hold" | "small" | "medium" | "large" | "pending" | "defect" | "present" | "absent" | "sick" | "holiday" | "panels" | "construction" | "cables" | "workers" | ... 287 more ... | "next"'.
components/BackupManager.tsx(75,110): error TS2345: Argument of type '"backup_interval"' is not assignable to parameter of type '"active" | "completed" | "on_hold" | "small" | "medium" | "large" | "pending" | "defect" | "present" | "absent" | "sick" | "holiday" | "panels" | "construction" | "cables" | "workers" | ... 287 more ... | "next"'.
components/BackupManager.tsx(81,56): error TS2345: Argument of type '"minutes"' is not assignable to parameter of type '"active" | "completed" | "on_hold" | "small" | "medium" | "large" | "pending" | "defect" | "present" | "absent" | "sick" | "holiday" | "panels" | "construction" | "cables" | "workers" | ... 287 more ... | "next"'.
components/BackupManager.tsx(82,58): error TS2345: Argument of type '"minutes"' is not assignable to parameter of type '"active" | "completed" | "on_hold" | "small" | "medium" | "large" | "pending" | "defect" | "present" | "absent" | "sick" | "holiday" | "panels" | "construction" | "cables" | "workers" | ... 287 more ... | "next"'.
components/BackupManager.tsx(83,58): error TS2345: Argument of type '"minutes"' is not assignable to parameter of type '"active" | "completed" | "on_hold" | "small" | "medium" | "large" | "pending" | "defect" | "present" | "absent" | "sick" | "holiday" | "panels" | "construction" | "cables" | "workers" | ... 287 more ... | "next"'.
components/BackupManager.tsx(84,58): error TS2345: Argument of type '"minutes"' is not assignable to parameter of type '"active" | "completed" | "on_hold" | "small" | "medium" | "large" | "pending" | "defect" | "present" | "absent" | "sick" | "holiday" | "panels" | "construction" | "cables" | "workers" | ... 287 more ... | "next"'.
components/BackupManager.tsx(97,109): error TS2345: Argument of type '"storage_used"' is not assignable to parameter of type '"active" | "completed" | "on_hold" | "small" | "medium" | "large" | "pending" | "defect" | "present" | "absent" | "sick" | "holiday" | "panels" | "construction" | "cables" | "workers" | ... 287 more ... | "next"'.
components/BackupManager.tsx(102,45): error TS2345: Argument of type '"backups_count"' is not assignable to parameter of type '"active" | "completed" | "on_hold" | "small" | "medium" | "large" | "pending" | "defect" | "present" | "absent" | "sick" | "holiday" | "panels" | "construction" | "cables" | "workers" | ... 287 more ... | "next"'.
components/BackupManager.tsx(115,102): error TS2345: Argument of type '"create_backup"' is not assignable to parameter of type '"active" | "completed" | "on_hold" | "small" | "medium" | "large" | "pending" | "defect" | "present" | "absent" | "sick" | "holiday" | "panels" | "construction" | "cables" | "workers" | ... 287 more ... | "next"'.
components/BackupManager.tsx(134,111): error TS2345: Argument of type '"upload_backup"' is not assignable to parameter of type '"active" | "completed" | "on_hold" | "small" | "medium" | "large" | "pending" | "defect" | "present" | "absent" | "sick" | "holiday" | "panels" | "construction" | "cables" | "workers" | ... 287 more ... | "next"'.
components/BackupManager.tsx(135,122): error TS2345: Argument of type '"drop_backup_here"' is not assignable to parameter of type '"active" | "completed" | "on_hold" | "small" | "medium" | "large" | "pending" | "defect" | "present" | "absent" | "sick" | "holiday" | "panels" | "construction" | "cables" | "workers" | ... 287 more ... | "next"'.
components/BackupManager.tsx(161,108): error TS2345: Argument of type '"backup_manager"' is not assignable to parameter of type '"active" | "completed" | "on_hold" | "small" | "medium" | "large" | "pending" | "defect" | "present" | "absent" | "sick" | "holiday" | "panels" | "construction" | "cables" | "workers" | ... 287 more ... | "next"'.
components/BackupManager.tsx(188,60): error TS2345: Argument of type '"restore_backup"' is not assignable to parameter of type '"active" | "completed" | "on_hold" | "small" | "medium" | "large" | "pending" | "defect" | "present" | "absent" | "sick" | "holiday" | "panels" | "construction" | "cables" | "workers" | ... 287 more ... | "next"'.
components/BackupManager.tsx(193,50): error TS2345: Argument of type '"download_backup"' is not assignable to parameter of type '"active" | "completed" | "on_hold" | "small" | "medium" | "large" | "pending" | "defect" | "present" | "absent" | "sick" | "holiday" | "panels" | "construction" | "cables" | "workers" | ... 287 more ... | "next"'.
components/BackupManager.tsx(219,30): error TS2345: Argument of type '"restore_confirm_title"' is not assignable to parameter of type '"active" | "completed" | "on_hold" | "small" | "medium" | "large" | "pending" | "defect" | "present" | "absent" | "sick" | "holiday" | "panels" | "construction" | "cables" | "workers" | ... 287 more ... | "next"'.
components/BackupManager.tsx(220,32): error TS2345: Argument of type '"restore_confirm_message"' is not assignable to parameter of type '"active" | "completed" | "on_hold" | "small" | "medium" | "large" | "pending" | "defect" | "present" | "absent" | "sick" | "holiday" | "panels" | "construction" | "cables" | "workers" | ... 287 more ... | "next"'.
components/Chat.tsx(109,38): error TS2339: Property 'name' does not exist on type 'User'.
components/ConnectionStatusIndicator.tsx(25,33): error TS2345: Argument of type '"online"' is not assignable to parameter of type '"active" | "completed" | "on_hold" | "small" | "medium" | "large" | "pending" | "defect" | "present" | "absent" | "sick" | "holiday" | "panels" | "construction" | "cables" | "workers" | ... 287 more ... | "next"'.
components/ConnectionStatusIndicator.tsx(25,47): error TS2345: Argument of type '"offline"' is not assignable to parameter of type '"active" | "completed" | "on_hold" | "small" | "medium" | "large" | "pending" | "defect" | "present" | "absent" | "sick" | "holiday" | "panels" | "construction" | "cables" | "workers" | ... 287 more ... | "next"'.
components/ConnectionStatusIndicator.tsx(29,31): error TS2345: Argument of type '"online"' is not assignable to parameter of type '"active" | "completed" | "on_hold" | "small" | "medium" | "large" | "pending" | "defect" | "present" | "absent" | "sick" | "holiday" | "panels" | "construction" | "cables" | "workers" | ... 287 more ... | "next"'.
components/ConnectionStatusIndicator.tsx(29,45): error TS2345: Argument of type '"offline"' is not assignable to parameter of type '"active" | "completed" | "on_hold" | "small" | "medium" | "large" | "pending" | "defect" | "present" | "absent" | "sick" | "holiday" | "panels" | "construction" | "cables" | "workers" | ... 287 more ... | "next"'.
components/DailyReports.tsx(63,9): error TS2345: Argument of type '"notes"' is not assignable to parameter of type '"active" | "completed" | "on_hold" | "small" | "medium" | "large" | "pending" | "defect" | "present" | "absent" | "sick" | "holiday" | "panels" | "construction" | "cables" | "workers" | ... 287 more ... | "next"'.
components/DailyReports.tsx(104,9): error TS2345: Argument of type '"notes"' is not assignable to parameter of type '"active" | "completed" | "on_hold" | "small" | "medium" | "large" | "pending" | "defect" | "present" | "absent" | "sick" | "holiday" | "panels" | "construction" | "cables" | "workers" | ... 287 more ... | "next"'.
components/DailyReports.tsx(156,21): error TS2345: Argument of type '"save_error"' is not assignable to parameter of type '"active" | "completed" | "on_hold" | "small" | "medium" | "large" | "pending" | "defect" | "present" | "absent" | "sick" | "holiday" | "panels" | "construction" | "cables" | "workers" | ... 287 more ... | "next"'.
components/DailyReports.tsx(211,125): error TS2345: Argument of type '"notes"' is not assignable to parameter of type '"active" | "completed" | "on_hold" | "small" | "medium" | "large" | "pending" | "defect" | "present" | "absent" | "sick" | "holiday" | "panels" | "construction" | "cables" | "workers" | ... 287 more ... | "next"'.
components/Dashboard.tsx(120,88): error TS2345: Argument of type '"dashboard_subtitle"' is not assignable to parameter of type '"active" | "completed" | "on_hold" | "small" | "medium" | "large" | "pending" | "defect" | "present" | "absent" | "sick" | "holiday" | "panels" | "construction" | "cables" | "workers" | ... 287 more ... | "next"'.
components/Dashboard.tsx(153,99): error TS2345: Argument of type '"weekly_activity"' is not assignable to parameter of type '"active" | "completed" | "on_hold" | "small" | "medium" | "large" | "pending" | "defect" | "present" | "absent" | "sick" | "holiday" | "panels" | "construction" | "cables" | "workers" | ... 287 more ... | "next"'.
components/Dashboard.tsx(154,98): error TS2345: Argument of type '"completed_tables_count"' is not assignable to parameter of type '"active" | "completed" | "on_hold" | "small" | "medium" | "large" | "pending" | "defect" | "present" | "absent" | "sick" | "holiday" | "panels" | "construction" | "cables" | "workers" | ... 287 more ... | "next"'.
components/Dashboard.tsx(209,93): error TS2345: Argument of type '"quick_actions"' is not assignable to parameter of type '"active" | "completed" | "on_hold" | "small" | "medium" | "large" | "pending" | "defect" | "present" | "absent" | "sick" | "holiday" | "panels" | "construction" | "cables" | "workers" | ... 287 more ... | "next"'.
components/DataImporter.tsx(204,28): error TS2345: Argument of type '"file_upload"' is not assignable to parameter of type '"active" | "completed" | "on_hold" | "small" | "medium" | "large" | "pending" | "defect" | "present" | "absent" | "sick" | "holiday" | "panels" | "construction" | "cables" | "workers" | ... 287 more ... | "next"'.
components/DataImporter.tsx(216,125): error TS2345: Argument of type '"select_import_type"' is not assignable to parameter of type '"active" | "completed" | "on_hold" | "small" | "medium" | "large" | "pending" | "defect" | "present" | "absent" | "sick" | "holiday" | "panels" | "construction" | "cables" | "workers" | ... 287 more ... | "next"'.
components/DataImporter.tsx(231,109): error TS2345: Argument of type '"upload_file_area"' is not assignable to parameter of type '"active" | "completed" | "on_hold" | "small" | "medium" | "large" | "pending" | "defect" | "present" | "absent" | "sick" | "holiday" | "panels" | "construction" | "cables" | "workers" | ... 287 more ... | "next"'.
components/DataImporter.tsx(242,106): error TS2345: Argument of type '"step_2_map_title"' is not assignable to parameter of type '"active" | "completed" | "on_hold" | "small" | "medium" | "large" | "pending" | "defect" | "present" | "absent" | "sick" | "holiday" | "panels" | "construction" | "cables" | "workers" | ... 287 more ... | "next"'.
components/DataImporter.tsx(248,36): error TS2345: Argument of type '"required_fields"' is not assignable to parameter of type '"active" | "completed" | "on_hold" | "small" | "medium" | "large" | "pending" | "defect" | "present" | "absent" | "sick" | "holiday" | "panels" | "construction" | "cables" | "workers" | ... 287 more ... | "next"'.
components/DataImporter.tsx(271,61): error TS2345: Argument of type '"unmapped"' is not assignable to parameter of type '"active" | "completed" | "on_hold" | "small" | "medium" | "large" | "pending" | "defect" | "present" | "absent" | "sick" | "holiday" | "panels" | "construction" | "cables" | "workers" | ... 287 more ... | "next"'.
components/DataImporter.tsx(279,198): error TS2345: Argument of type '"back_step"' is not assignable to parameter of type '"active" | "completed" | "on_hold" | "small" | "medium" | "large" | "pending" | "defect" | "present" | "absent" | "sick" | "holiday" | "panels" | "construction" | "cables" | "workers" | ... 287 more ... | "next"'.
components/DataImporter.tsx(285,36): error TS2345: Argument of type '"next_step"' is not assignable to parameter of type '"active" | "completed" | "on_hold" | "small" | "medium" | "large" | "pending" | "defect" | "present" | "absent" | "sick" | "holiday" | "panels" | "construction" | "cables" | "workers" | ... 287 more ... | "next"'.
components/DataImporter.tsx(293,107): error TS2345: Argument of type '"step_3_preview_title"' is not assignable to parameter of type '"active" | "completed" | "on_hold" | "small" | "medium" | "large" | "pending" | "defect" | "present" | "absent" | "sick" | "holiday" | "panels" | "construction" | "cables" | "workers" | ... 287 more ... | "next"'.
components/DataImporter.tsx(316,122): error TS2345: Argument of type '"duplicates_handling"' is not assignable to parameter of type '"active" | "completed" | "on_hold" | "small" | "medium" | "large" | "pending" | "defect" | "present" | "absent" | "sick" | "holiday" | "panels" | "construction" | "cables" | "workers" | ... 287 more ... | "next"'.
components/DataImporter.tsx(318,291): error TS2345: Argument of type '"skip_duplicates"' is not assignable to parameter of type '"active" | "completed" | "on_hold" | "small" | "medium" | "large" | "pending" | "defect" | "present" | "absent" | "sick" | "holiday" | "panels" | "construction" | "cables" | "workers" | ... 287 more ... | "next"'.
components/DataImporter.tsx(319,293): error TS2345: Argument of type '"merge_on_name"' is not assignable to parameter of type '"active" | "completed" | "on_hold" | "small" | "medium" | "large" | "pending" | "defect" | "present" | "absent" | "sick" | "holiday" | "panels" | "construction" | "cables" | "workers" | ... 287 more ... | "next"'.
components/DataImporter.tsx(324,196): error TS2345: Argument of type '"back_step"' is not assignable to parameter of type '"active" | "completed" | "on_hold" | "small" | "medium" | "large" | "pending" | "defect" | "present" | "absent" | "sick" | "holiday" | "panels" | "construction" | "cables" | "workers" | ... 287 more ... | "next"'.
components/DataImporter.tsx(325,235): error TS2345: Argument of type '"start_import"' is not assignable to parameter of type '"active" | "completed" | "on_hold" | "small" | "medium" | "large" | "pending" | "defect" | "present" | "absent" | "sick" | "holiday" | "panels" | "construction" | "cables" | "workers" | ... 287 more ... | "next"'.
components/DataImporter.tsx(335,108): error TS2345: Argument of type '"import_summary"' is not assignable to parameter of type '"active" | "completed" | "on_hold" | "small" | "medium" | "large" | "pending" | "defect" | "present" | "absent" | "sick" | "holiday" | "panels" | "construction" | "cables" | "workers" | ... 287 more ... | "next"'.
components/DataImporter.tsx(346,245): error TS2345: Argument of type '"import_another_file"' is not assignable to parameter of type '"active" | "completed" | "on_hold" | "small" | "medium" | "large" | "pending" | "defect" | "present" | "absent" | "sick" | "holiday" | "panels" | "construction" | "cables" | "workers" | ... 287 more ... | "next"'.
components/icons/ImageEditor.tsx(3,29): error TS2307: Cannot find module '@google/genai' or its corresponding type declarations.
components/icons/ImageEditor.tsx(128,108): error TS2345: Argument of type '"image_editor"' is not assignable to parameter of type '"active" | "completed" | "on_hold" | "small" | "medium" | "large" | "pending" | "defect" | "present" | "absent" | "sick" | "holiday" | "panels" | "construction" | "cables" | "workers" | ... 287 more ... | "next"'.
components/icons/ImageEditor.tsx(133,78): error TS2345: Argument of type '"prompt_placeholder"' is not assignable to parameter of type '"active" | "completed" | "on_hold" | "small" | "medium" | "large" | "pending" | "defect" | "present" | "absent" | "sick" | "holiday" | "panels" | "construction" | "cables" | "workers" | ... 287 more ... | "next"'.
components/icons/ImageEditor.tsx(139,44): error TS2345: Argument of type '"prompt_placeholder"' is not assignable to parameter of type '"active" | "completed" | "on_hold" | "small" | "medium" | "large" | "pending" | "defect" | "present" | "absent" | "sick" | "holiday" | "panels" | "construction" | "cables" | "workers" | ... 287 more ... | "next"'.
components/icons/ImageEditor.tsx(148,38): error TS2345: Argument of type '"processing_image"' is not assignable to parameter of type '"active" | "completed" | "on_hold" | "small" | "medium" | "large" | "pending" | "defect" | "present" | "absent" | "sick" | "holiday" | "panels" | "construction" | "cables" | "workers" | ... 287 more ... | "next"'.
components/icons/ImageEditor.tsx(148,62): error TS2345: Argument of type '"generate"' is not assignable to parameter of type '"active" | "completed" | "on_hold" | "small" | "medium" | "large" | "pending" | "defect" | "present" | "absent" | "sick" | "holiday" | "panels" | "construction" | "cables" | "workers" | ... 287 more ... | "next"'.
components/icons/ImageEditor.tsx(162,82): error TS2345: Argument of type '"original_image"' is not assignable to parameter of type '"active" | "completed" | "on_hold" | "small" | "medium" | "large" | "pending" | "defect" | "present" | "absent" | "sick" | "holiday" | "panels" | "construction" | "cables" | "workers" | ... 287 more ... | "next"'.
components/icons/ImageEditor.tsx(172,39): error TS2345: Argument of type '"upload_prompt"' is not assignable to parameter of type '"active" | "completed" | "on_hold" | "small" | "medium" | "large" | "pending" | "defect" | "present" | "absent" | "sick" | "holiday" | "panels" | "construction" | "cables" | "workers" | ... 287 more ... | "next"'.
components/icons/ImageEditor.tsx(181,40): error TS2345: Argument of type '"upload_image"' is not assignable to parameter of type '"active" | "completed" | "on_hold" | "small" | "medium" | "large" | "pending" | "defect" | "present" | "absent" | "sick" | "holiday" | "panels" | "construction" | "cables" | "workers" | ... 287 more ... | "next"'.
components/icons/ImageEditor.tsx(190,82): error TS2345: Argument of type '"edited_image"' is not assignable to parameter of type '"active" | "completed" | "on_hold" | "small" | "medium" | "large" | "pending" | "defect" | "present" | "absent" | "sick" | "holiday" | "panels" | "construction" | "cables" | "workers" | ... 287 more ... | "next"'.
components/Layout.tsx(50,103): error TS2769: No overload matches this call.
  The last overload gave the following error.
    Object literal may only specify known properties, and 'className' does not exist in type 'Partial<unknown> & Attributes'.
components/Layout.tsx(50,194): error TS2769: No overload matches this call.
  The last overload gave the following error.
    Object literal may only specify known properties, and 'className' does not exist in type 'Partial<unknown> & Attributes'.
components/MyTasks.tsx(53,68): error TS2345: Argument of type 'number' is not assignable to parameter of type 'string'.
components/MyTasks.tsx(88,68): error TS2345: Argument of type 'number' is not assignable to parameter of type 'string'.
components/Payroll.tsx(95,32): error TS2345: Argument of type '"payroll"' is not assignable to parameter of type '"active" | "completed" | "on_hold" | "small" | "medium" | "large" | "pending" | "defect" | "present" | "absent" | "sick" | "holiday" | "panels" | "construction" | "cables" | "workers" | ... 287 more ... | "next"'.
components/Payroll.tsx(115,28): error TS2345: Argument of type '"today" | "month" | "week"' is not assignable to parameter of type '"active" | "completed" | "on_hold" | "small" | "medium" | "large" | "pending" | "defect" | "present" | "absent" | "sick" | "holiday" | "panels" | "construction" | "cables" | "workers" | ... 287 more ... | "next"'.
  Type '"month"' is not assignable to type '"active" | "completed" | "on_hold" | "small" | "medium" | "large" | "pending" | "defect" | "present" | "absent" | "sick" | "holiday" | "panels" | "construction" | "cables" | "workers" | ... 287 more ... | "next"'.
components/PlanWorkerForm.tsx(51,15): error TS2345: Argument of type '"worker_role_required"' is not assignable to parameter of type '"active" | "completed" | "on_hold" | "small" | "medium" | "large" | "pending" | "defect" | "present" | "absent" | "sick" | "holiday" | "panels" | "construction" | "cables" | "workers" | ... 287 more ... | "next"'.
components/PlanWorkerForm.tsx(91,76): error TS2345: Argument of type '"edit_assignment"' is not assignable to parameter of type '"active" | "completed" | "on_hold" | "small" | "medium" | "large" | "pending" | "defect" | "present" | "absent" | "sick" | "holiday" | "panels" | "construction" | "cables" | "workers" | ... 287 more ... | "next"'.
components/PlanWorkerForm.tsx(107,95): error TS2345: Argument of type '"worker_role"' is not assignable to parameter of type '"active" | "completed" | "on_hold" | "small" | "medium" | "large" | "pending" | "defect" | "present" | "absent" | "sick" | "holiday" | "panels" | "construction" | "cables" | "workers" | ... 287 more ... | "next"'.
components/ProjectCard.mobile.tsx(108,43): error TS2345: Argument of type '"edit"' is not assignable to parameter of type '"active" | "completed" | "on_hold" | "small" | "medium" | "large" | "pending" | "defect" | "present" | "absent" | "sick" | "holiday" | "panels" | "construction" | "cables" | "workers" | ... 287 more ... | "next"'.
components/ProjectFinder.tsx(2,29): error TS2307: Cannot find module '@google/genai' or its corresponding type declarations.
components/ProjectFinder.tsx(55,20): error TS2339: Property 'aistudio' does not exist on type 'Window & typeof globalThis'.
components/ProjectFinder.tsx(56,39): error TS2339: Property 'aistudio' does not exist on type 'Window & typeof globalThis'.
components/ProjectFinder.tsx(139,27): error TS2339: Property 'aistudio' does not exist on type 'Window & typeof globalThis'.
components/ProjectFinder.tsx(198,114): error TS2345: Argument of type '"project_finder"' is not assignable to parameter of type '"active" | "completed" | "on_hold" | "small" | "medium" | "large" | "pending" | "defect" | "present" | "absent" | "sick" | "holiday" | "panels" | "construction" | "cables" | "workers" | ... 287 more ... | "next"'.
components/ProjectFinder.tsx(199,61): error TS2345: Argument of type '"find_projects_nearby"' is not assignable to parameter of type '"active" | "completed" | "on_hold" | "small" | "medium" | "large" | "pending" | "defect" | "present" | "absent" | "sick" | "holiday" | "panels" | "construction" | "cables" | "workers" | ... 287 more ... | "next"'.
components/ProjectFinder.tsx(227,36): error TS2345: Argument of type '"search_projects"' is not assignable to parameter of type '"active" | "completed" | "on_hold" | "small" | "medium" | "large" | "pending" | "defect" | "present" | "absent" | "sick" | "holiday" | "panels" | "construction" | "cables" | "workers" | ... 287 more ... | "next"'.
components/ProjectFinder.tsx(238,32): error TS2345: Argument of type '"looking_for_projects"' is not assignable to parameter of type '"active" | "completed" | "on_hold" | "small" | "medium" | "large" | "pending" | "defect" | "present" | "absent" | "sick" | "holiday" | "panels" | "construction" | "cables" | "workers" | ... 287 more ... | "next"'.
components/ProjectFinder.tsx(271,36): error TS2345: Argument of type '"sources"' is not assignable to parameter of type '"active" | "completed" | "on_hold" | "small" | "medium" | "large" | "pending" | "defect" | "present" | "absent" | "sick" | "holiday" | "panels" | "construction" | "cables" | "workers" | ... 287 more ... | "next"'.
components/ProjectFinder.tsx(281,69): error TS2345: Argument of type '"no_results_found"' is not assignable to parameter of type '"active" | "completed" | "on_hold" | "small" | "medium" | "large" | "pending" | "defect" | "present" | "absent" | "sick" | "holiday" | "panels" | "construction" | "cables" | "workers" | ... 287 more ... | "next"'.
components/Projects.tsx(38,35): error TS2339: Property 'syncAll' does not exist on type 'FirebaseService'.
components/Reports.tsx(50,30): error TS2345: Argument of type '"report_for"' is not assignable to parameter of type '"active" | "completed" | "on_hold" | "small" | "medium" | "large" | "pending" | "defect" | "present" | "absent" | "sick" | "holiday" | "panels" | "construction" | "cables" | "workers" | ... 287 more ... | "next"'.
components/Reports.tsx(62,30): error TS2345: Argument of type '"report_for"' is not assignable to parameter of type '"active" | "completed" | "on_hold" | "small" | "medium" | "large" | "pending" | "defect" | "present" | "absent" | "sick" | "holiday" | "panels" | "construction" | "cables" | "workers" | ... 287 more ... | "next"'.
components/Reports.tsx(62,49): error TS2345: Argument of type '"week"' is not assignable to parameter of type '"active" | "completed" | "on_hold" | "small" | "medium" | "large" | "pending" | "defect" | "present" | "absent" | "sick" | "holiday" | "panels" | "construction" | "cables" | "workers" | ... 287 more ... | "next"'.
components/Reports.tsx(71,30): error TS2345: Argument of type '"report_for"' is not assignable to parameter of type '"active" | "completed" | "on_hold" | "small" | "medium" | "large" | "pending" | "defect" | "present" | "absent" | "sick" | "holiday" | "panels" | "construction" | "cables" | "workers" | ... 287 more ... | "next"'.
components/Reports.tsx(80,30): error TS2345: Argument of type '"report_for"' is not assignable to parameter of type '"active" | "completed" | "on_hold" | "small" | "medium" | "large" | "pending" | "defect" | "present" | "absent" | "sick" | "holiday" | "panels" | "construction" | "cables" | "workers" | ... 287 more ... | "next"'.
components/Reports.tsx(131,15): error TS2345: Argument of type '"type"' is not assignable to parameter of type '"active" | "completed" | "on_hold" | "small" | "medium" | "large" | "pending" | "defect" | "present" | "absent" | "sick" | "holiday" | "panels" | "construction" | "cables" | "workers" | ... 287 more ... | "next"'.
components/Reports.tsx(135,15): error TS2345: Argument of type '"date_or_start_time"' is not assignable to parameter of type '"active" | "completed" | "on_hold" | "small" | "medium" | "large" | "pending" | "defect" | "present" | "absent" | "sick" | "holiday" | "panels" | "construction" | "cables" | "workers" | ... 287 more ... | "next"'.
components/Reports.tsx(138,15): error TS2345: Argument of type '"cost"' is not assignable to parameter of type '"active" | "completed" | "on_hold" | "small" | "medium" | "large" | "pending" | "defect" | "present" | "absent" | "sick" | "holiday" | "panels" | "construction" | "cables" | "workers" | ... 287 more ... | "next"'.
components/Reports.tsx(209,256): error TS2345: Argument of type '"start_date"' is not assignable to parameter of type '"active" | "completed" | "on_hold" | "small" | "medium" | "large" | "pending" | "defect" | "present" | "absent" | "sick" | "holiday" | "panels" | "construction" | "cables" | "workers" | ... 287 more ... | "next"'.
components/Reports.tsx(210,252): error TS2345: Argument of type '"end_date"' is not assignable to parameter of type '"active" | "completed" | "on_hold" | "small" | "medium" | "large" | "pending" | "defect" | "present" | "absent" | "sick" | "holiday" | "panels" | "construction" | "cables" | "workers" | ... 287 more ... | "next"'.
components/Reports.tsx(236,92): error TS2345: Argument of type '"report_type"' is not assignable to parameter of type '"active" | "completed" | "on_hold" | "small" | "medium" | "large" | "pending" | "defect" | "present" | "absent" | "sick" | "holiday" | "panels" | "construction" | "cables" | "workers" | ... 287 more ... | "next"'.
components/Reports.tsx(242,54): error TS2345: Argument of type '"daily"' is not assignable to parameter of type '"active" | "completed" | "on_hold" | "small" | "medium" | "large" | "pending" | "defect" | "present" | "absent" | "sick" | "holiday" | "panels" | "construction" | "cables" | "workers" | ... 287 more ... | "next"'.
components/Reports.tsx(243,55): error TS2345: Argument of type '"weekly"' is not assignable to parameter of type '"active" | "completed" | "on_hold" | "small" | "medium" | "large" | "pending" | "defect" | "present" | "absent" | "sick" | "holiday" | "panels" | "construction" | "cables" | "workers" | ... 287 more ... | "next"'.
components/Reports.tsx(244,56): error TS2345: Argument of type '"monthly"' is not assignable to parameter of type '"active" | "completed" | "on_hold" | "small" | "medium" | "large" | "pending" | "defect" | "present" | "absent" | "sick" | "holiday" | "panels" | "construction" | "cables" | "workers" | ... 287 more ... | "next"'.
components/Reports.tsx(245,55): error TS2345: Argument of type '"custom_range"' is not assignable to parameter of type '"active" | "completed" | "on_hold" | "small" | "medium" | "large" | "pending" | "defect" | "present" | "absent" | "sick" | "holiday" | "panels" | "construction" | "cables" | "workers" | ... 287 more ... | "next"'.
components/Reports.tsx(256,28): error TS2345: Argument of type '"generate_report"' is not assignable to parameter of type '"active" | "completed" | "on_hold" | "small" | "medium" | "large" | "pending" | "defect" | "present" | "absent" | "sick" | "holiday" | "panels" | "construction" | "cables" | "workers" | ... 287 more ... | "next"'.
components/Reports.tsx(270,32): error TS2345: Argument of type '"export_to_csv"' is not assignable to parameter of type '"active" | "completed" | "on_hold" | "small" | "medium" | "large" | "pending" | "defect" | "present" | "absent" | "sick" | "holiday" | "panels" | "construction" | "cables" | "workers" | ... 287 more ... | "next"'.
components/Reports.tsx(276,85): error TS2345: Argument of type '"total_hourly_cost"' is not assignable to parameter of type '"active" | "completed" | "on_hold" | "small" | "medium" | "large" | "pending" | "defect" | "present" | "absent" | "sick" | "holiday" | "panels" | "construction" | "cables" | "workers" | ... 287 more ... | "next"'.
components/Reports.tsx(281,85): error TS2345: Argument of type '"total_task_cost"' is not assignable to parameter of type '"active" | "completed" | "on_hold" | "small" | "medium" | "large" | "pending" | "defect" | "present" | "absent" | "sick" | "holiday" | "panels" | "construction" | "cables" | "workers" | ... 287 more ... | "next"'.
components/Reports.tsx(291,79): error TS2345: Argument of type '"records"' is not assignable to parameter of type '"active" | "completed" | "on_hold" | "small" | "medium" | "large" | "pending" | "defect" | "present" | "absent" | "sick" | "holiday" | "panels" | "construction" | "cables" | "workers" | ... 287 more ... | "next"'.
components/Reports.tsx(311,112): error TS2345: Argument of type '"no_records_found"' is not assignable to parameter of type '"active" | "completed" | "on_hold" | "small" | "medium" | "large" | "pending" | "defect" | "present" | "absent" | "sick" | "holiday" | "panels" | "construction" | "cables" | "workers" | ... 287 more ... | "next"'.
components/Reports.tsx(324,133): error TS2345: Argument of type '"cost"' is not assignable to parameter of type '"active" | "completed" | "on_hold" | "small" | "medium" | "large" | "pending" | "defect" | "present" | "absent" | "sick" | "holiday" | "panels" | "construction" | "cables" | "workers" | ... 287 more ... | "next"'.
components/Statistics.tsx(157,86): error TS2345: Argument of type '"total_hourly_cost"' is not assignable to parameter of type '"active" | "completed" | "on_hold" | "small" | "medium" | "large" | "pending" | "defect" | "present" | "absent" | "sick" | "holiday" | "panels" | "construction" | "cables" | "workers" | ... 287 more ... | "next"'.
components/Statistics.tsx(162,86): error TS2345: Argument of type '"total_task_cost"' is not assignable to parameter of type '"active" | "completed" | "on_hold" | "small" | "medium" | "large" | "pending" | "defect" | "present" | "absent" | "sick" | "holiday" | "panels" | "construction" | "cables" | "workers" | ... 287 more ... | "next"'.
components/Statistics.tsx(200,83): error TS2345: Argument of type '"cost"' is not assignable to parameter of type '"active" | "completed" | "on_hold" | "small" | "medium" | "large" | "pending" | "defect" | "present" | "absent" | "sick" | "holiday" | "panels" | "construction" | "cables" | "workers" | ... 287 more ... | "next"'.
components/Statistics.tsx(210,65): error TS2345: Argument of type '"task_based_work"' is not assignable to parameter of type '"active" | "completed" | "on_hold" | "small" | "medium" | "large" | "pending" | "defect" | "present" | "absent" | "sick" | "holiday" | "panels" | "construction" | "cables" | "workers" | ... 287 more ... | "next"'.
components/Statistics.tsx(253,61): error TS2345: Argument of type '"select_project_to_view_plan"' is not assignable to parameter of type '"active" | "completed" | "on_hold" | "small" | "medium" | "large" | "pending" | "defect" | "present" | "absent" | "sick" | "holiday" | "panels" | "construction" | "cables" | "workers" | ... 287 more ... | "next"'.
components/StatsPage.tsx(237,110): error TS2345: Argument of type '"analytics"' is not assignable to parameter of type '"active" | "completed" | "on_hold" | "small" | "medium" | "large" | "pending" | "defect" | "present" | "absent" | "sick" | "holiday" | "panels" | "construction" | "cables" | "workers" | ... 287 more ... | "next"'.
components/StatsPage.tsx(315,44): error TS2345: Argument of type '"string_rate"' is not assignable to parameter of type '"active" | "completed" | "on_hold" | "small" | "medium" | "large" | "pending" | "defect" | "present" | "absent" | "sick" | "holiday" | "panels" | "construction" | "cables" | "workers" | ... 287 more ... | "next"'.
components/SyncStatusIndicator.tsx(8,15): error TS2345: Argument of type '() => () => boolean' is not assignable to parameter of type 'EffectCallback'.
  Type '() => boolean' is not assignable to type 'void | Destructor'.
    Type '() => boolean' is not assignable to type 'Destructor'.
      Type 'boolean' is not assignable to type 'void | { [UNDEFINED_VOID_ONLY]: never; }'.
components/TableModal.tsx(57,21): error TS2345: Argument of type '"login_required"' is not assignable to parameter of type '"active" | "completed" | "on_hold" | "small" | "medium" | "large" | "pending" | "defect" | "present" | "absent" | "sick" | "holiday" | "panels" | "construction" | "cables" | "workers" | ... 287 more ... | "next"'.
components/TableModal.tsx(82,21): error TS2345: Argument of type '"update_failed"' is not assignable to parameter of type '"active" | "completed" | "on_hold" | "small" | "medium" | "large" | "pending" | "defect" | "present" | "absent" | "sick" | "holiday" | "panels" | "construction" | "cables" | "workers" | ... 287 more ... | "next"'.
components/TableModal.tsx(108,21): error TS2345: Argument of type '"update_failed"' is not assignable to parameter of type '"active" | "completed" | "on_hold" | "small" | "medium" | "large" | "pending" | "defect" | "present" | "absent" | "sick" | "holiday" | "panels" | "construction" | "cables" | "workers" | ... 287 more ... | "next"'.
components/TableModal.tsx(130,21): error TS2345: Argument of type '"update_failed"' is not assignable to parameter of type '"active" | "completed" | "on_hold" | "small" | "medium" | "large" | "pending" | "defect" | "present" | "absent" | "sick" | "holiday" | "panels" | "construction" | "cables" | "workers" | ... 287 more ... | "next"'.
components/TableModal.tsx(156,21): error TS2345: Argument of type '"update_failed"' is not assignable to parameter of type '"active" | "completed" | "on_hold" | "small" | "medium" | "large" | "pending" | "defect" | "present" | "absent" | "sick" | "holiday" | "panels" | "construction" | "cables" | "workers" | ... 287 more ... | "next"'.
components/TableModal.tsx(265,44): error TS2345: Argument of type '"table"' is not assignable to parameter of type '"active" | "completed" | "on_hold" | "small" | "medium" | "large" | "pending" | "defect" | "present" | "absent" | "sick" | "holiday" | "panels" | "construction" | "cables" | "workers" | ... 287 more ... | "next"'.
components/TableModal.tsx(317,36): error TS2345: Argument of type '"completed_by"' is not assignable to parameter of type '"active" | "completed" | "on_hold" | "small" | "medium" | "large" | "pending" | "defect" | "present" | "absent" | "sick" | "holiday" | "panels" | "construction" | "cables" | "workers" | ... 287 more ... | "next"'.
components/TableModal.tsx(516,38): error TS2345: Argument of type '"mark_as_completed"' is not assignable to parameter of type '"active" | "completed" | "on_hold" | "small" | "medium" | "large" | "pending" | "defect" | "present" | "absent" | "sick" | "holiday" | "panels" | "construction" | "cables" | "workers" | ... 287 more ... | "next"'.
components/TableModal.tsx(524,34): error TS2345: Argument of type '"mark_as_pending"' is not assignable to parameter of type '"active" | "completed" | "on_hold" | "small" | "medium" | "large" | "pending" | "defect" | "present" | "absent" | "sick" | "holiday" | "panels" | "construction" | "cables" | "workers" | ... 287 more ... | "next"'.
components/TimeRecordForm.tsx(188,17): error TS2322: Type 'IndexableType' is not assignable to type 'number'.
  Type 'string' is not assignable to type 'number'.
components/TimeRecords.tsx(220,54): error TS2345: Argument of type '"edit"' is not assignable to parameter of type '"active" | "completed" | "on_hold" | "small" | "medium" | "large" | "pending" | "defect" | "present" | "absent" | "sick" | "holiday" | "panels" | "construction" | "cables" | "workers" | ... 287 more ... | "next"'.
components/TimeRecords.tsx(255,30): error TS2345: Argument of type '"delete_record_title"' is not assignable to parameter of type '"active" | "completed" | "on_hold" | "small" | "medium" | "large" | "pending" | "defect" | "present" | "absent" | "sick" | "holiday" | "panels" | "construction" | "cables" | "workers" | ... 287 more ... | "next"'.
components/ToolManager.tsx(73,17): error TS2322: Type 'IndexableType' is not assignable to type 'number'.
  Type 'string' is not assignable to type 'number'.
components/ToolManager.tsx(260,102): error TS2345: Argument of type '"notes"' is not assignable to parameter of type '"active" | "completed" | "on_hold" | "small" | "medium" | "large" | "pending" | "defect" | "present" | "absent" | "sick" | "holiday" | "panels" | "construction" | "cables" | "workers" | ... 287 more ... | "next"'.
components/WorkerForm.tsx(78,52): error TS2345: Argument of type 'number' is not assignable to parameter of type 'string'.
components/WorkerForm.tsx(82,52): error TS2345: Argument of type 'number' is not assignable to parameter of type 'string'.
i18n/locales.ts(630,5): error TS1117: An object literal cannot have multiple properties with the same name.
services/backupService.ts(72,5): error TS2322: Type 'IndexableType' is not assignable to type 'number'.
  Type 'string' is not assignable to type 'number'.
services/firebaseService.ts(228,41): error TS2349: This expression is not callable.
  Each member of the union type '{ <B extends boolean>(items: readonly Worker[], keys: IndexableTypeArrayReadonly, options: { allKeys: B; }): PromiseExtended<B extends true ? IndexableType[] : IndexableType>; <B extends boolean>(items: readonly Worker[], options: { ...; }): PromiseExtended<...>; (items: readonly Worker[], keys?: IndexableTypeArrayR...' has signatures, but none of those signatures are compatible with each other.
